---
title: metrics_report_all
test_name: TestMetricsReportSnapshot
file_name: snapshot_test.go
version: 0.1.0
---
# Pendulum Metrics Report
**Generated:** <TIMESTAMP>
**Time Range:** all
**Log File:** <LOG_FILE_PATH>

## Top 4 Branches
1. main            : Total 45.00m, Active 45.00m (100.00%)
2. develop         : Total 26.00m, Active 26.00m (100.00%)
3. feature/auth    : Total 15.00m, Active 15.00m (100.00%)
4. bugfix/login    : Total  8.00m, Active  8.00m (100.00%)


## Top 4 Directories
1. /home/dev/myproject  : Total 39.00m, Active 39.00m (100.00%)
2. /home/dev/api-server : Total 26.00m, Active 26.00m (100.00%)
3. /home/dev/webapp     : Total 25.00m, Active 25.00m (100.00%)
4. /home/dev/notes      : Total  4.00m, Active  4.00m (100.00%)


## Top 5 Files
1. auth.go         : Total 18.00m, Active 18.00m (100.00%)
2. server.py       : Total 12.00m, Active 12.00m (100.00%)
3. app.js          : Total 10.00m, Active 10.00m (100.00%)
4. routes.py       : Total  9.00m, Active  9.00m (100.00%)
5. index.html      : Total  8.00m, Active  8.00m (100.00%)


## Top 5 File Types
1. go              : Total 33.00m, Active 33.00m (100.00%)
2. python          : Total 26.00m, Active 26.00m (100.00%)
3. javascript      : Total 10.00m, Active 10.00m (100.00%)
4. markdown        : Total 10.00m, Active 10.00m (100.00%)
5. html            : Total  8.00m, Active  8.00m (100.00%)


## Top 4 Projects
1. myproject       : Total 39.00m, Active 39.00m (100.00%)
2. api-server      : Total 26.00m, Active 26.00m (100.00%)
3. webapp          : Total 25.00m, Active 25.00m (100.00%)
4. notes           : Total  4.00m, Active  4.00m (100.00%)

