---
title: metrics_report_exclusions
test_name: TestMetricsReportSnapshotWithExclusions
file_name: snapshot_test.go
version: 0.1.0
---
# Pendulum Metrics Report
**Generated:** <TIMESTAMP>
**Time Range:** all
**Log File:** <LOG_FILE_PATH>

## Top 3 Files
1. auth.go         : Total 18.00m, Active 16.00m (88.89%)
2. server.py       : Total 12.00m, Active 11.00m (91.67%)
3. app.js          : Total 10.00m, Active  9.00m (90.00%)


## Top 3 File Types
1. go              : Total 33.00m, Active 27.00m (81.82%)
2. python          : Total 26.00m, Active 23.00m (88.46%)
3. javascript      : Total 10.00m, Active  9.00m (90.00%)


## Top 3 Projects
1. myproject       : Total 39.00m, Active 32.00m (82.05%)
2. api-server      : Total 26.00m, Active 23.00m (88.46%)
3. webapp          : Total 25.00m, Active 22.00m (88.00%)

